// Vitest Snapshot v1, https://vitest.dev/guide/snapshot.html

exports[`API route ownership > lists every route with its owner 1`] = `
[
  "compliance POST /v1/compliance/address-screenings",
  "core DELETE /admin/allowlist/:id",
  "core DELETE /v1/api-keys/:keyId",
  "core DELETE /v1/members/:memberId",
  "core DELETE /v1/members/invitations/:invitationId",
  "core DELETE /v1/organizations/:orgId",
  "core DELETE /v1/projects/:projectId/members/:memberId",
  "core GET /",
  "core GET /admin/allowlist",
  "core GET /docs",
  "core GET /health",
  "core GET /health/ready",
  "core GET /llms.txt",
  "core GET /openapi.json",
  "core GET /v1/api-keys",
  "core GET /v1/api-keys/:keyId",
  "core GET /v1/members",
  "core GET /v1/onboarding/status",
  "core GET /v1/organizations/:orgId",
  "core GET /v1/organizations/:orgId/provider-access",
  "core GET /v1/places/:placeId",
  "core GET /v1/places/static-map",
  "core GET /v1/projects",
  "core GET /v1/projects/:projectId",
  "core GET /v1/projects/:projectId/api-keys",
  "core GET /v1/projects/:projectId/members",
  "core GET /v1/projects/:projectId/provider-availability",
  "core PATCH /v1/api-keys/:keyId",
  "core PATCH /v1/organizations/:orgId",
  "core PATCH /v1/projects/:projectId",
  "core PATCH /v1/projects/:projectId/members/:memberId",
  "core POST /admin/allowlist",
  "core POST /internal/playground/api-key/verify",
  "core POST /v1/api-keys",
  "core POST /v1/api-keys/:keyId/rotate",
  "core POST /v1/members/accept",
  "core POST /v1/members/invite",
  "core POST /v1/onboarding/complete",
  "core POST /v1/places/autocomplete",
  "core POST /v1/projects/:projectId/api-keys",
  "core POST /v1/projects/:projectId/members",
  "core POST /v1/rpc/proxy",
  "core POST /webhooks/clerk/link-orgs",
  "custody DELETE /v1/wallets",
  "custody GET /internal/dashboard/custody/connections",
  "custody GET /internal/dashboard/custody/connections/:connectionId",
  "custody GET /internal/dashboard/custody/connections/:connectionId/provider-credential",
  "custody GET /internal/dashboard/custody/providers",
  "custody GET /v1/wallets",
  "custody GET /v1/wallets/:walletId",
  "custody GET /v1/wallets/aggregate",
  "custody GET /v1/wallets/approval-requests",
  "custody GET /v1/wallets/approval-requests/:approvalRequestId",
  "custody GET /v1/wallets/configs",
  "custody GET /v1/wallets/public-key",
  "custody PATCH /v1/wallets/:walletId",
  "custody POST /internal/dashboard/custody/connections/:connectionId/cancel",
  "custody POST /internal/dashboard/custody/connections/:connectionId/complete",
  "custody POST /internal/dashboard/custody/connections/:connectionId/deactivate",
  "custody POST /internal/dashboard/custody/connections/:connectionId/provider-credentials",
  "custody POST /internal/dashboard/custody/provider-credentials",
  "custody POST /internal/dashboard/custody/provider-credentials/:credentialId/complete-rotation",
  "custody POST /internal/dashboard/custody/provider-credentials/:credentialId/deactivate",
  "custody POST /internal/dashboard/custody/provider-credentials/:credentialId/rollback",
  "custody POST /internal/dashboard/custody/provider-credentials/:credentialId/rotate",
  "custody POST /v1/wallets",
  "custody POST /v1/wallets/approval-requests/:approvalRequestId/approve",
  "custody POST /v1/wallets/approval-requests/:approvalRequestId/cancel",
  "custody POST /v1/wallets/approval-requests/:approvalRequestId/reject",
  "custody POST /v1/wallets/initialize",
  "custody POST /v1/wallets/signer-check",
  "dvp GET /v1/dvp/mints/:mint",
  "dvp GET /v1/dvp/trades",
  "dvp GET /v1/dvp/trades/:tradeId",
  "dvp GET /v1/dvp/trades/inbound",
  "dvp POST /v1/dvp/trades",
  "dvp POST /v1/dvp/trades/:tradeId/cancel",
  "dvp POST /v1/dvp/trades/:tradeId/fund",
  "dvp POST /v1/dvp/trades/:tradeId/reclaim",
  "dvp POST /v1/dvp/trades/:tradeId/settle",
  "earn GET /v1/earn/external-wallet/earnings",
  "earn GET /v1/earn/external-wallet/movements",
  "earn GET /v1/earn/external-wallet/movements/:movementId",
  "earn GET /v1/earn/external-wallet/positions",
  "earn GET /v1/earn/external-wallet/positions/summary",
  "earn GET /v1/earn/external-wallet/withdrawal-requests",
  "earn GET /v1/earn/external-wallet/withdrawal-requests/:withdrawalRequestId",
  "earn GET /v1/earn/movements",
  "earn GET /v1/earn/programs",
  "earn GET /v1/earn/programs/:programId",
  "earn GET /v1/earn/programs/:programId/deposits",
  "earn GET /v1/earn/programs/:programId/withdrawals",
  "earn GET /v1/earn/programs/:programId/withdrawals/:withdrawalRef",
  "earn GET /v1/earn/strategies",
  "earn GET /v1/earn/strategies/:strategyId",
  "earn GET /v1/earn/vault-deposits",
  "earn GET /v1/earn/vault-deposits/:movementId",
  "earn GET /v1/earn/vault-positions",
  "earn GET /v1/earn/vault-share-reconciliation",
  "earn GET /v1/earn/vault-withdrawal-requests",
  "earn GET /v1/earn/vault-withdrawal-requests/:withdrawalRequestId",
  "earn GET /v1/earn/vault-withdrawals",
  "earn GET /v1/earn/vault-withdrawals/:movementId",
  "earn POST /v1/earn/external-wallet/deposit-transactions",
  "earn POST /v1/earn/external-wallet/deposits",
  "earn POST /v1/earn/external-wallet/queued-withdrawal-previews",
  "earn POST /v1/earn/external-wallet/withdrawal-options",
  "earn POST /v1/earn/external-wallet/withdrawal-previews",
  "earn POST /v1/earn/external-wallet/withdrawal-request-cancel-transactions",
  "earn POST /v1/earn/external-wallet/withdrawal-request-cancellations",
  "earn POST /v1/earn/external-wallet/withdrawal-request-transactions",
  "earn POST /v1/earn/external-wallet/withdrawal-requests",
  "earn POST /v1/earn/external-wallet/withdrawal-transactions",
  "earn POST /v1/earn/external-wallet/withdrawals",
  "earn POST /v1/earn/programs",
  "earn POST /v1/earn/programs/:programId/withdrawal-preview",
  "earn POST /v1/earn/programs/:programId/withdrawals",
  "earn POST /v1/earn/vault-deposit-previews",
  "earn POST /v1/earn/vault-deposits",
  "earn POST /v1/earn/vault-queued-withdrawal-previews",
  "earn POST /v1/earn/vault-withdrawal-options",
  "earn POST /v1/earn/vault-withdrawal-previews",
  "earn POST /v1/earn/vault-withdrawal-requests",
  "earn POST /v1/earn/vault-withdrawal-requests/:withdrawalRequestId/cancel",
  "earn POST /v1/earn/vault-withdrawals",
  "earn PUT /v1/earn/programs/:programId",
  "helius_rings GET /internal/dashboard/helius-rings/connections",
  "helius_rings GET /v1/helius-rings/health",
  "helius_rings GET /v1/helius-rings/operations",
  "helius_rings GET /v1/helius-rings/operations/:operationId",
  "helius_rings GET /v1/helius-rings/rings",
  "helius_rings GET /v1/helius-rings/setup-status",
  "helius_rings GET /v1/helius-rings/wallets",
  "helius_rings GET /v1/helius-rings/wallets/:walletId",
  "helius_rings GET /v1/helius-rings/wallets/:walletId/identity",
  "helius_rings GET /v1/helius-rings/wallets/:walletId/zones",
  "helius_rings POST /internal/dashboard/helius-rings/connections",
  "helius_rings POST /internal/dashboard/helius-rings/connections/:connectionId/deactivate",
  "helius_rings POST /internal/dashboard/helius-rings/connections/:connectionId/make-default",
  "helius_rings POST /internal/dashboard/helius-rings/connections/:connectionId/test",
  "helius_rings POST /v1/helius-rings/operations",
  "helius_rings POST /v1/helius-rings/operations/:operationId/execute",
  "helius_rings POST /v1/helius-rings/operations/:operationId/recheck",
  "helius_rings POST /v1/helius-rings/operations/:operationId/retry",
  "helius_rings POST /v1/helius-rings/operations/:operationId/void",
  "helius_rings POST /v1/helius-rings/rings",
  "helius_rings POST /v1/helius-rings/wallets",
  "helius_rings POST /v1/helius-rings/wallets/:walletId/rekey",
  "helius_rings POST /v1/helius-rings/wallets/:walletId/sync",
  "helius_rings POST /v1/helius-rings/wallets/:walletId/zones",
  "issuance DELETE /v1/issuance/asset-profiles/:profileId",
  "issuance DELETE /v1/issuance/tokens/:tokenId/allowlist/:entryId",
  "issuance GET /v1/issuance/asset-profiles",
  "issuance GET /v1/issuance/asset-profiles/:profileId",
  "issuance GET /v1/issuance/asset-profiles/by-token/:tokenId",
  "issuance GET /v1/issuance/asset-profiles/field-options",
  "issuance GET /v1/issuance/templates",
  "issuance GET /v1/issuance/templates/:templateId",
  "issuance GET /v1/issuance/tokens",
  "issuance GET /v1/issuance/tokens/:tokenId",
  "issuance GET /v1/issuance/tokens/:tokenId/allowlist",
  "issuance GET /v1/issuance/tokens/:tokenId/allowlist/labels",
  "issuance GET /v1/issuance/tokens/:tokenId/audit",
  "issuance GET /v1/issuance/tokens/:tokenId/frozen",
  "issuance GET /v1/issuance/tokens/:tokenId/holders",
  "issuance GET /v1/issuance/tokens/:tokenId/metadata.json",
  "issuance GET /v1/issuance/tokens/:tokenId/transactions",
  "issuance GET /v1/issuance/tokens/facets",
  "issuance GET /v1/issuance/transactions",
  "issuance PATCH /v1/issuance/asset-profiles/:profileId",
  "issuance PATCH /v1/issuance/tokens/:tokenId",
  "issuance POST /v1/issuance/asset-profiles",
  "issuance POST /v1/issuance/tokens",
  "issuance POST /v1/issuance/tokens/:tokenId/allowlist",
  "issuance POST /v1/issuance/tokens/:tokenId/authority",
  "issuance POST /v1/issuance/tokens/:tokenId/authority/prepare",
  "issuance POST /v1/issuance/tokens/:tokenId/burn",
  "issuance POST /v1/issuance/tokens/:tokenId/burn/prepare",
  "issuance POST /v1/issuance/tokens/:tokenId/deploy",
  "issuance POST /v1/issuance/tokens/:tokenId/deploy/confirm",
  "issuance POST /v1/issuance/tokens/:tokenId/deploy/prepare",
  "issuance POST /v1/issuance/tokens/:tokenId/deploy/prepare-metadata",
  "issuance POST /v1/issuance/tokens/:tokenId/force-burn",
  "issuance POST /v1/issuance/tokens/:tokenId/force-burn/prepare",
  "issuance POST /v1/issuance/tokens/:tokenId/freeze",
  "issuance POST /v1/issuance/tokens/:tokenId/holders",
  "issuance POST /v1/issuance/tokens/:tokenId/mint",
  "issuance POST /v1/issuance/tokens/:tokenId/mint/prepare",
  "issuance POST /v1/issuance/tokens/:tokenId/pause",
  "issuance POST /v1/issuance/tokens/:tokenId/seize",
  "issuance POST /v1/issuance/tokens/:tokenId/seize/prepare",
  "issuance POST /v1/issuance/tokens/:tokenId/supply/refresh",
  "issuance POST /v1/issuance/tokens/:tokenId/unfreeze",
  "issuance POST /v1/issuance/tokens/:tokenId/unpause",
  "payments DELETE /v1/counterparties/:counterpartyId",
  "payments DELETE /v1/counterparties/:counterpartyId/accounts/:counterpartyAccountId",
  "payments GET /pay/:token",
  "payments GET /pay/:token/tx",
  "payments GET /v1/counterparties",
  "payments GET /v1/counterparties/:counterpartyId",
  "payments GET /v1/counterparties/:counterpartyId/accounts",
  "payments GET /v1/counterparties/:counterpartyId/accounts/:counterpartyAccountId",
  "payments GET /v1/counterparties/accounts",
  "payments GET /v1/counterparties/metadata",
  "payments GET /v1/payments/requests",
  "payments GET /v1/payments/transfer-batches",
  "payments GET /v1/payments/transfer-batches/:batchId",
  "payments GET /v1/payments/transfers",
  "payments GET /v1/payments/transfers/:transferId",
  "payments GET /v1/payments/wallets/:walletId/balances",
  "payments GET /v1/transactions",
  "payments PATCH /v1/counterparties/:counterpartyId",
  "payments PATCH /v1/counterparties/:counterpartyId/accounts/:counterpartyAccountId",
  "payments POST /pay/:token/tx",
  "payments POST /v1/counterparties",
  "payments POST /v1/counterparties/:counterpartyId/accounts",
  "payments POST /v1/payments/requests",
  "payments POST /v1/payments/transfer-batches",
  "payments POST /v1/payments/transfer-batches/estimate",
  "payments POST /v1/payments/transfers",
  "policies GET /v1/payments/wallets/:walletId/policies",
  "policies GET /v1/payments/wallets/:walletId/policies/evaluations",
  "policies GET /v1/payments/wallets/:walletId/policies/evaluations/:policyEvaluationId",
  "policies GET /v1/payments/wallets/:walletId/policies/revisions",
  "policies GET /v1/policies",
  "policies POST /v1/api-keys/:keyId/policy-profiles",
  "policies POST /v1/api-keys/:keyId/policy-profiles/:profileId/revisions",
  "policies POST /v1/api-keys/:keyId/policy-profiles/:profileId/revisions/:revisionId/activate",
  "policies PUT /v1/api-keys/:keyId/policy-bindings",
  "policies PUT /v1/payments/wallets/:walletId/policies",
  "private_channels DELETE /v1/private-channels/channels/:channelId/principals/:principalId",
  "private_channels DELETE /v1/private-channels/channels/:id",
  "private_channels DELETE /v1/private-channels/instance",
  "private_channels DELETE /v1/private-channels/principals/:principalId",
  "private_channels DELETE /v1/private-channels/wallets/:pubkey",
  "private_channels GET /v1/private-channels/balance",
  "private_channels GET /v1/private-channels/channels",
  "private_channels GET /v1/private-channels/channels/:channelId/transfer-recipients",
  "private_channels GET /v1/private-channels/channels/:id",
  "private_channels GET /v1/private-channels/channels/:id/events",
  "private_channels GET /v1/private-channels/deposits",
  "private_channels GET /v1/private-channels/deposits/:id",
  "private_channels GET /v1/private-channels/events",
  "private_channels GET /v1/private-channels/events/references",
  "private_channels GET /v1/private-channels/health",
  "private_channels GET /v1/private-channels/instance",
  "private_channels GET /v1/private-channels/instance/overview",
  "private_channels GET /v1/private-channels/principals",
  "private_channels GET /v1/private-channels/tokens",
  "private_channels GET /v1/private-channels/transfers",
  "private_channels GET /v1/private-channels/transfers/:id",
  "private_channels GET /v1/private-channels/wallets",
  "private_channels GET /v1/private-channels/withdrawals",
  "private_channels GET /v1/private-channels/withdrawals/:id",
  "private_channels PATCH /v1/private-channels/instance",
  "private_channels POST /v1/private-channels/channels",
  "private_channels POST /v1/private-channels/channels/:channelId/principals",
  "private_channels POST /v1/private-channels/channels/:channelId/transfers",
  "private_channels POST /v1/private-channels/deposits",
  "private_channels POST /v1/private-channels/instance",
  "private_channels POST /v1/private-channels/instance/disconnect",
  "private_channels POST /v1/private-channels/principals",
  "private_channels POST /v1/private-channels/probe",
  "private_channels POST /v1/private-channels/wallets/:walletId/verify",
  "private_channels POST /v1/private-channels/withdrawals",
  "ramps GET /v1/counterparties/:counterpartyId/provider-accounts",
  "ramps GET /v1/counterparties/:counterpartyId/requirements",
  "ramps GET /v1/payments/ramps/offramp/currency",
  "ramps GET /v1/payments/ramps/onramp/currency",
  "ramps POST /v1/counterparties/:counterpartyId/requirements",
  "ramps POST /v1/payments/ramps/coinbase/events",
  "ramps POST /v1/payments/ramps/moneygram/events",
  "ramps POST /v1/payments/ramps/offramp/estimate",
  "ramps POST /v1/payments/ramps/offramp/quote",
  "ramps POST /v1/payments/ramps/onramp/estimate",
  "ramps POST /v1/payments/ramps/onramp/quote",
  "ramps POST /v1/payments/ramps/sandbox/simulate",
  "ramps POST /v1/payments/ramps/transfers/cancel",
  "ramps POST /webhooks/payments/ramps/production/:provider",
  "ramps POST /webhooks/payments/ramps/sandbox/:provider",
  "recurring_payments GET /v1/payments/recurring-payments",
  "recurring_payments GET /v1/payments/recurring-payments/:id",
  "recurring_payments GET /v1/payments/subscription-plans",
  "recurring_payments GET /v1/payments/subscription-plans/:planId",
  "recurring_payments GET /v1/payments/subscriptions",
  "recurring_payments GET /v1/payments/subscriptions/:subscriptionId",
  "recurring_payments GET /v1/payments/subscriptions/:subscriptionId/collection-attempts",
  "recurring_payments PATCH /v1/payments/recurring-payments/:id",
  "recurring_payments PATCH /v1/payments/subscription-plans/:planId",
  "recurring_payments POST /v1/payments/recurring-payments",
  "recurring_payments POST /v1/payments/recurring-payments/:id/activate",
  "recurring_payments POST /v1/payments/recurring-payments/:id/cancel",
  "recurring_payments POST /v1/payments/recurring-payments/:id/collect",
  "recurring_payments POST /v1/payments/recurring-payments/:id/resume",
  "recurring_payments POST /v1/payments/subscription-plans",
  "recurring_payments POST /v1/payments/subscription-plans/:planId/prepare-create",
  "recurring_payments POST /v1/payments/subscriptions",
  "recurring_payments POST /v1/payments/subscriptions/:subscriptionId/prepare-authorization",
  "recurring_payments POST /v1/payments/subscriptions/:subscriptionId/prepare-cancel",
  "recurring_payments POST /v1/payments/subscriptions/:subscriptionId/prepare-collection",
  "recurring_payments POST /v1/payments/subscriptions/:subscriptionId/prepare-resume",
]
`;
